+------------------------------------------------------------------------------------------------+
| npu-smi 25.5.1                   Version: 25.5.1                                               |
+---------------------------+---------------+----------------------------------------------------+
| NPU   Name                | Health        | Power(W)    Temp(C)           Hugepages-Usage(page)|
| Chip                      | Bus-Id        | AICore(%)   Memory-Usage(MB)  HBM-Usage(MB)        |
+===========================+===============+====================================================+
| 0     910B4-1             | OK            | 312.7       56                0    / 0             |
| 0                         | 0000:C1:00.0  | 100         0    / 0          58373/ 65536         |
+===========================+===============+====================================================+
| 1     910B4-1             | OK            | 296.7       51                0    / 0             |
| 0                         | 0000:C2:00.0  | 100         0    / 0          58366/ 65536         |
+===========================+===============+====================================================+
| 2     910B4-1             | OK            | 84.2        32                0    / 0             |
| 0                         | 0000:81:00.0  | 0           0    / 0          3448 / 65536         |
+===========================+===============+====================================================+
| 3     910B4-1             | OK            | 87.3        33                0    / 0             |
| 0                         | 0000:82:00.0  | 0           0    / 0          3449 / 65536         |
+===========================+===============+====================================================+
| 4     910B4-1             | OK            | 96.7        40                0    / 0             |
| 0                         | 0000:01:00.0  | 0           0    / 0          59930/ 65536         |
+===========================+===============+====================================================+
| 5     910B4-1             | OK            | 88.5        40                0    / 0             |
| 0                         | 0000:02:00.0  | 0           0    / 0          59934/ 65536         |
+===========================+===============+====================================================+
| 6     910B4-1             | OK            | 92.4        37                0    / 0             |
| 0                         | 0000:41:00.0  | 0           0    / 0          59934/ 65536         |
+===========================+===============+====================================================+
| 7     910B4-1             | OK            | 88.8        35                0    / 0             |
| 0                         | 0000:42:00.0  | 0           0    / 0          59932/ 65536         |
+===========================+===============+====================================================+
+---------------------------+---------------+----------------------------------------------------+
| NPU     Chip              | Process id    | Process name             | Process memory(MB)      |
+===========================+===============+====================================================+
| 0       0                 | 3177625       | VLLMWorker_TP            | 54977                   |
+===========================+===============+====================================================+
| 1       0                 | 3177626       | VLLMWorker_TP            | 54977                   |
+===========================+===============+====================================================+
| No running processes found in NPU 2                                                            |
+===========================+===============+====================================================+
| No running processes found in NPU 3                                                            |
+===========================+===============+====================================================+
| 4       0                 | 3174925       | VLLMWorker_TP            | 56566                   |
+===========================+===============+====================================================+
| 5       0                 | 3174926       | VLLMWorker_TP            | 56566                   |
+===========================+===============+====================================================+
| 6       0                 | 3174927       | VLLMWorker_TP            | 56566                   |
+===========================+===============+====================================================+
| 7       0                 | 3174928       | VLLMWorker_TP            | 56566                   |
+===========================+===============+====================================================+
/etc/profile.d/ascend.sh: line 2: /usr/local/Ascend/cann-8.5.0/set_env.sh: Permission denied
