+------------------------------------------------------------------------------------------------+
| npu-smi 25.5.1                   Version: 25.5.1                                               |
+---------------------------+---------------+----------------------------------------------------+
| NPU   Name                | Health        | Power(W)    Temp(C)           Hugepages-Usage(page)|
| Chip                      | Bus-Id        | AICore(%)   Memory-Usage(MB)  HBM-Usage(MB)        |
+===========================+===============+====================================================+
| 0     910B4-1             | OK            | 89.4        34                0    / 0             |
| 0                         | 0000:C1:00.0  | 0           0    / 0          3450 / 65536         |
+===========================+===============+====================================================+
| 1     910B4-1             | OK            | 85.3        30                0    / 0             |
| 0                         | 0000:C2:00.0  | 0           0    / 0          3441 / 65536         |
+===========================+===============+====================================================+
| 2     910B4-1             | OK            | 83.9        31                0    / 0             |
| 0                         | 0000:81:00.0  | 0           0    / 0          3447 / 65536         |
+===========================+===============+====================================================+
| 3     910B4-1             | OK            | 87.2        33                0    / 0             |
| 0                         | 0000:82:00.0  | 0           0    / 0          3450 / 65536         |
+===========================+===============+====================================================+
| 4     910B4-1             | OK            | 94.1        36                0    / 0             |
| 0                         | 0000:01:00.0  | 0           0    / 0          3415 / 65536         |
+===========================+===============+====================================================+
| 5     910B4-1             | OK            | 86.7        35                0    / 0             |
| 0                         | 0000:02:00.0  | 0           0    / 0          3419 / 65536         |
+===========================+===============+====================================================+
| 6     910B4-1             | OK            | 92.0        36                0    / 0             |
| 0                         | 0000:41:00.0  | 0           0    / 0          3419 / 65536         |
+===========================+===============+====================================================+
| 7     910B4-1             | OK            | 88.2        34                0    / 0             |
| 0                         | 0000:42:00.0  | 0           0    / 0          3418 / 65536         |
+===========================+===============+====================================================+
+---------------------------+---------------+----------------------------------------------------+
| NPU     Chip              | Process id    | Process name             | Process memory(MB)      |
+===========================+===============+====================================================+
| No running processes found in NPU 0                                                            |
+===========================+===============+====================================================+
| No running processes found in NPU 1                                                            |
+===========================+===============+====================================================+
| No running processes found in NPU 2                                                            |
+===========================+===============+====================================================+
| No running processes found in NPU 3                                                            |
+===========================+===============+====================================================+
| No running processes found in NPU 4                                                            |
+===========================+===============+====================================================+
| No running processes found in NPU 5                                                            |
+===========================+===============+====================================================+
| No running processes found in NPU 6                                                            |
+===========================+===============+====================================================+
| No running processes found in NPU 7                                                            |
+===========================+===============+====================================================+
