+------------------------------------------------------------------------------------------------+
| npu-smi 25.5.1                   Version: 25.5.1                                               |
+---------------------------+---------------+----------------------------------------------------+
| NPU   Name                | Health        | Power(W)    Temp(C)           Hugepages-Usage(page)|
| Chip                      | Bus-Id        | AICore(%)   Memory-Usage(MB)  HBM-Usage(MB)        |
+===========================+===============+====================================================+
| 0     910B4-1             | OK            | 221.0       49                0    / 0             |
| 0                         | 0000:C1:00.0  | 100         0    / 0          58409/ 65536         |
+===========================+===============+====================================================+
| 1     910B4-1             | OK            | 177.5       42                0    / 0             |
| 0                         | 0000:C2:00.0  | 100         0    / 0          58402/ 65536         |
+===========================+===============+====================================================+
| 2     910B4-1             | OK            | 84.2        32                0    / 0             |
| 0                         | 0000:81:00.0  | 0           0    / 0          14468/ 65536         |
+===========================+===============+====================================================+
| 3     910B4-1             | OK            | 87.2        33                0    / 0             |
| 0                         | 0000:82:00.0  | 0           0    / 0          3448 / 65536         |
+===========================+===============+====================================================+
| 4     910B4-1             | OK            | 96.9        41                0    / 0             |
| 0                         | 0000:01:00.0  | 0           0    / 0          60034/ 65536         |
+===========================+===============+====================================================+
| 5     910B4-1             | OK            | 88.5        41                0    / 0             |
| 0                         | 0000:02:00.0  | 0           0    / 0          60038/ 65536         |
+===========================+===============+====================================================+
| 6     910B4-1             | OK            | 92.7        37                0    / 0             |
| 0                         | 0000:41:00.0  | 0           0    / 0          60039/ 65536         |
+===========================+===============+====================================================+
| 7     910B4-1             | OK            | 88.7        35                0    / 0             |
| 0                         | 0000:42:00.0  | 0           0    / 0          60036/ 65536         |
+===========================+===============+====================================================+
+---------------------------+---------------+----------------------------------------------------+
| NPU     Chip              | Process id    | Process name             | Process memory(MB)      |
+===========================+===============+====================================================+
| 0       0                 | 183981        | VLLMWorker_TP            | 55016                   |
+===========================+===============+====================================================+
| 1       0                 | 183983        | VLLMWorker_TP            | 55016                   |
+===========================+===============+====================================================+
| 2       0                 | 202816        | rayTwinkleCom            | 11073                   |
+===========================+===============+====================================================+
| No running processes found in NPU 3                                                            |
+===========================+===============+====================================================+
| 4       0                 | 3174925       | VLLMWorker_TP            | 56670                   |
+===========================+===============+====================================================+
| 5       0                 | 3174926       | VLLMWorker_TP            | 56670                   |
+===========================+===============+====================================================+
| 6       0                 | 3174927       | VLLMWorker_TP            | 56670                   |
+===========================+===============+====================================================+
| 7       0                 | 3174928       | VLLMWorker_TP            | 56670                   |
+===========================+===============+====================================================+
/etc/profile.d/ascend.sh: line 2: /usr/local/Ascend/cann-8.5.0/set_env.sh: Permission denied
