+------------------------------------------------------------------------------------------------+
| npu-smi 25.5.1                   Version: 25.5.1                                               |
+---------------------------+---------------+----------------------------------------------------+
| NPU   Name                | Health        | Power(W)    Temp(C)           Hugepages-Usage(page)|
| Chip                      | Bus-Id        | AICore(%)   Memory-Usage(MB)  HBM-Usage(MB)        |
+===========================+===============+====================================================+
| 0     910B4-1             | OK            | 101.2       35                0    / 0             |
| 0                         | 0000:C1:00.0  | 80          0    / 0          58386/ 65536         |
+===========================+===============+====================================================+
| 1     910B4-1             | OK            | 96.8        32                0    / 0             |
| 0                         | 0000:C2:00.0  | 82          0    / 0          58380/ 65536         |
+===========================+===============+====================================================+
| 2     910B4-1             | OK            | 84.1        31                0    / 0             |
| 0                         | 0000:81:00.0  | 0           0    / 0          3448 / 65536         |
+===========================+===============+====================================================+
| 3     910B4-1             | OK            | 87.2        33                0    / 0             |
| 0                         | 0000:82:00.0  | 0           0    / 0          3449 / 65536         |
+===========================+===============+====================================================+
| 4     910B4-1             | OK            | 94.3        37                0    / 0             |
| 0                         | 0000:01:00.0  | 0           0    / 0          3415 / 65536         |
+===========================+===============+====================================================+
| 5     910B4-1             | OK            | 87.0        36                0    / 0             |
| 0                         | 0000:02:00.0  | 0           0    / 0          3419 / 65536         |
+===========================+===============+====================================================+
| 6     910B4-1             | OK            | 92.1        36                0    / 0             |
| 0                         | 0000:41:00.0  | 0           0    / 0          3419 / 65536         |
+===========================+===============+====================================================+
| 7     910B4-1             | OK            | 88.3        34                0    / 0             |
| 0                         | 0000:42:00.0  | 0           0    / 0          3418 / 65536         |
+===========================+===============+====================================================+
+---------------------------+---------------+----------------------------------------------------+
| NPU     Chip              | Process id    | Process name             | Process memory(MB)      |
+===========================+===============+====================================================+
| 0       0                 | 1621292       | VLLMWorker_TP            | 54997                   |
+===========================+===============+====================================================+
| 1       0                 | 1621293       | VLLMWorker_TP            | 54993                   |
+===========================+===============+====================================================+
| No running processes found in NPU 2                                                            |
+===========================+===============+====================================================+
| No running processes found in NPU 3                                                            |
+===========================+===============+====================================================+
| No running processes found in NPU 4                                                            |
+===========================+===============+====================================================+
| No running processes found in NPU 5                                                            |
+===========================+===============+====================================================+
| No running processes found in NPU 6                                                            |
+===========================+===============+====================================================+
| No running processes found in NPU 7                                                            |
+===========================+===============+====================================================+
/etc/profile.d/ascend.sh: line 2: /usr/local/Ascend/cann-8.5.0/set_env.sh: Permission denied
