/etc/profile.d/ascend.sh: line 2: /usr/local/Ascend/cann-8.5.0/set_env.sh: Permission denied
tq-128k-ab-20261010
tq-128k-ab-20261010-runtime
{"name": "tq-128k-ab-20261010", "id": "ea464bbe501687f7bacbd7f108d79e95bce273449d01b77db2311421763c5ac7", "status": "exited", "finished_at": "2026-10-10T07:16:07.769495942Z"}
{"name": "tq-128k-ab-20261010-runtime", "id": "0354eaafc53831afa0a11835e862a550873d9c1db0c8d54e178747c90b45663f", "status": "exited", "finished_at": "2026-10-10T07:16:28.938308246Z"}
{"checked_utc": "2026-10-10T07:16:29.931452+00:00", "port_18377_bindable": true, "scope": "only the two task container IDs; containers and mounted artifacts retained"}
+------------------------------------------------------------------------------------------------+
| npu-smi 25.5.1                   Version: 25.5.1                                               |
+---------------------------+---------------+----------------------------------------------------+
| NPU   Name                | Health        | Power(W)    Temp(C)           Hugepages-Usage(page)|
| Chip                      | Bus-Id        | AICore(%)   Memory-Usage(MB)  HBM-Usage(MB)        |
+===========================+===============+====================================================+
| 0     910B4-1             | OK            | 89.8        35                0    / 0             |
| 0                         | 0000:C1:00.0  | 0           0    / 0          3448 / 65536         |
+===========================+===============+====================================================+
| 1     910B4-1             | OK            | 85.9        32                0    / 0             |
| 0                         | 0000:C2:00.0  | 0           0    / 0          3443 / 65536         |
+===========================+===============+====================================================+
| 2     910B4-1             | OK            | 85.1        32                0    / 0             |
| 0                         | 0000:81:00.0  | 0           0    / 0          12363/ 65536         |
+===========================+===============+====================================================+
| 3     910B4-1             | OK            | 87.4        34                0    / 0             |
| 0                         | 0000:82:00.0  | 0           0    / 0          5140 / 65536         |
+===========================+===============+====================================================+
| 4     910B4-1             | OK            | 94.7        37                0    / 0             |
| 0                         | 0000:01:00.0  | 0           0    / 0          60033/ 65536         |
+===========================+===============+====================================================+
| 5     910B4-1             | OK            | 87.2        36                0    / 0             |
| 0                         | 0000:02:00.0  | 0           0    / 0          60039/ 65536         |
+===========================+===============+====================================================+
| 6     910B4-1             | OK            | 92.7        37                0    / 0             |
| 0                         | 0000:41:00.0  | 0           0    / 0          60039/ 65536         |
+===========================+===============+====================================================+
| 7     910B4-1             | OK            | 88.6        36                0    / 0             |
| 0                         | 0000:42:00.0  | 0           0    / 0          60035/ 65536         |
+===========================+===============+====================================================+
+---------------------------+---------------+----------------------------------------------------+
| NPU     Chip              | Process id    | Process name             | Process memory(MB)      |
+===========================+===============+====================================================+
| No running processes found in NPU 0                                                            |
+===========================+===============+====================================================+
| No running processes found in NPU 1                                                            |
+===========================+===============+====================================================+
| 2       0                 | 3641004       | python3.11               | 8969                    |
+===========================+===============+====================================================+
| 3       0                 | 477587        | VLLMEngineCor            | 1600                    |
+===========================+===============+====================================================+
| 4       0                 | 3174925       | VLLMWorker_TP            | 56670                   |
+===========================+===============+====================================================+
| 5       0                 | 3174926       | VLLMWorker_TP            | 56670                   |
+===========================+===============+====================================================+
| 6       0                 | 3174927       | VLLMWorker_TP            | 56670                   |
+===========================+===============+====================================================+
| 7       0                 | 3174928       | VLLMWorker_TP            | 56670                   |
+===========================+===============+====================================================+
