+------------------------------------------------------------------------------------------------------------------+
| npu-smi 26.0.rc1                            Version: 26.0.rc1                                                    |
+---------------------------+---------------+----------------------------------------------------------------------+
| NPU   Name                | Health        | Power(W)             Temp(C)                 Hugepages-Usage(page)   |
| Chip                      | Bus-Id        | AICore(%)            Memory-Usage(MB)        HBM-Usage(MB)           |
+===========================+===============+======================================================================+
| 0     910B4-1             | OK            | 157.6                43                      0    / 0                |
| 0                         | 0000:C1:00.0  | 50                   0    / 0                63611/ 65536            |
+===========================+===============+======================================================================+
| 1     910B4-1             | OK            | 132.5                39                      0    / 0                |
| 0                         | 0000:C2:00.0  | 0                    0    / 0                54121/ 65536            |
+===========================+===============+======================================================================+
| 2     910B4-1             | OK            | 86.5                 37                      0    / 0                |
| 0                         | 0000:81:00.0  | 0                    0    / 0                3437 / 65536            |
+===========================+===============+======================================================================+
| 3     910B4-1             | OK            | 118.3                41                      0    / 0                |
| 0                         | 0000:82:00.0  | 0                    0    / 0                64861/ 65536            |
+===========================+===============+======================================================================+
| 4     910B4-1             | OK            | 102.0                44                      0    / 0                |
| 0                         | 0000:01:00.0  | 0                    0    / 0                65481/ 65536            |
+===========================+===============+======================================================================+
| 5     910B4-1             | OK            | 94.6                 42                      0    / 0                |
| 0                         | 0000:02:00.0  | 0                    0    / 0                3437 / 65536            |
+===========================+===============+======================================================================+
| 6     910B4-1             | OK            | 92.5                 44                      0    / 0                |
| 0                         | 0000:41:00.0  | 0                    0    / 0                65131/ 65536            |
+===========================+===============+======================================================================+
| 7     910B4-1             | OK            | 89.9                 44                      0    / 0                |
| 0                         | 0000:42:00.0  | 0                    0    / 0                65131/ 65536            |
+===========================+===============+======================================================================+
+---------------------------+---------------+----------------------------------------------------------------------+
| NPU     Chip              | Process id    | Process name       | Process memory(MB)    | Process id in container |
+===========================+===============+======================================================================+
| 0       0                 | 1853543       | python3.12         | 62015                 | NA                      |
+===========================+===============+======================================================================+
| 1       0                 | 1853544       | python3.12         | 62047                 | NA                      |
+===========================+===============+======================================================================+
| No running processes found in NPU 2                                                                              |
+===========================+===============+======================================================================+
| 3       0                 | 1853545       | python3.12         | 62027                 | NA                      |
+===========================+===============+======================================================================+
| 4       0                 | 1853546       | python3.12         | 62087                 | NA                      |
+===========================+===============+======================================================================+
| No running processes found in NPU 5                                                                              |
+===========================+===============+======================================================================+
| 6       0                 | 27225         | VLLMWorker_TP      | 61754                 | NA                      |
+===========================+===============+======================================================================+
| 7       0                 | 27226         | VLLMWorker_TP      | 61754                 | NA                      |
+===========================+===============+======================================================================+
