{"stage": "precision", "check": "glue"}
{"stage": "precision", "check": "roundtrip"}
{"stage": "server_starting", "mode": "bf16", "pid": 244, "attempt": 0, "log": "/ws/short_ab_20261010/logs/short_20261010T150112Z/serve_bf16_0.log"}
{"stage": "benchmark_running", "mode": "bf16", "concurrency": 1, "input_len": 64, "output_len": 16, "result": "/ws/short_ab_20261010/results/short_20261010T150112Z/smoke_bf16.json", "started_utc": "2026-10-10T15:03:24.753938+00:00"}
{"stage": "benchmark_running", "mode": "bf16", "concurrency": 16, "input_len": 20, "output_len": 20, "result": "/ws/short_ab_20261010/results/short_20261010T150112Z/s1_bf16_in20_out20_c16_warmup.json", "started_utc": "2026-10-10T15:03:31.712126+00:00"}
{"stage": "benchmark_running", "mode": "bf16", "concurrency": 16, "input_len": 20, "output_len": 20, "result": "/ws/short_ab_20261010/results/short_20261010T150112Z/s1_bf16_in20_out20_c16_r1.json", "started_utc": "2026-10-10T15:03:35.873176+00:00"}
{"stage": "benchmark_running", "mode": "bf16", "concurrency": 16, "input_len": 20, "output_len": 20, "result": "/ws/short_ab_20261010/results/short_20261010T150112Z/s1_bf16_in20_out20_c16_r2.json", "started_utc": "2026-10-10T15:03:39.946373+00:00"}
{"stage": "benchmark_running", "mode": "bf16", "concurrency": 16, "input_len": 20, "output_len": 20, "result": "/ws/short_ab_20261010/results/short_20261010T150112Z/s1_bf16_in20_out20_c16_r3.json", "started_utc": "2026-10-10T15:03:43.863390+00:00"}
{"stage": "benchmark_running", "mode": "bf16", "concurrency": 60, "input_len": 2000, "output_len": 200, "result": "/ws/short_ab_20261010/results/short_20261010T150112Z/s2_bf16_in2000_out200_c60_warmup.json", "started_utc": "2026-10-10T15:03:47.878708+00:00"}
{"stage": "benchmark_running", "mode": "bf16", "concurrency": 60, "input_len": 2000, "output_len": 200, "result": "/ws/short_ab_20261010/results/short_20261010T150112Z/s2_bf16_in2000_out200_c60_r1.json", "started_utc": "2026-10-10T15:04:28.928371+00:00"}
{"stage": "benchmark_running", "mode": "bf16", "concurrency": 60, "input_len": 2000, "output_len": 200, "result": "/ws/short_ab_20261010/results/short_20261010T150112Z/s2_bf16_in2000_out200_c60_r2.json", "started_utc": "2026-10-10T15:05:10.416655+00:00"}
{"stage": "benchmark_running", "mode": "bf16", "concurrency": 60, "input_len": 2000, "output_len": 200, "result": "/ws/short_ab_20261010/results/short_20261010T150112Z/s2_bf16_in2000_out200_c60_r3.json", "started_utc": "2026-10-10T15:05:52.098902+00:00"}
{"stage": "server_starting", "mode": "store4", "pid": 1082, "attempt": 0, "log": "/ws/short_ab_20261010/logs/short_20261010T150112Z/serve_store4_0.log"}
{"stage": "benchmark_running", "mode": "store4", "concurrency": 1, "input_len": 64, "output_len": 16, "result": "/ws/short_ab_20261010/results/short_20261010T150112Z/smoke_store4.json", "started_utc": "2026-10-10T15:08:23.159933+00:00"}
{"stage": "benchmark_running", "mode": "store4", "concurrency": 16, "input_len": 20, "output_len": 20, "result": "/ws/short_ab_20261010/results/short_20261010T150112Z/s1_store4_in20_out20_c16_warmup.json", "started_utc": "2026-10-10T15:08:28.438443+00:00"}
{"stage": "benchmark_running", "mode": "store4", "concurrency": 16, "input_len": 20, "output_len": 20, "result": "/ws/short_ab_20261010/results/short_20261010T150112Z/s1_store4_in20_out20_c16_r1.json", "started_utc": "2026-10-10T15:08:36.035876+00:00"}
{"stage": "benchmark_running", "mode": "store4", "concurrency": 16, "input_len": 20, "output_len": 20, "result": "/ws/short_ab_20261010/results/short_20261010T150112Z/s1_store4_in20_out20_c16_r2.json", "started_utc": "2026-10-10T15:08:43.583082+00:00"}
{"stage": "benchmark_running", "mode": "store4", "concurrency": 16, "input_len": 20, "output_len": 20, "result": "/ws/short_ab_20261010/results/short_20261010T150112Z/s1_store4_in20_out20_c16_r3.json", "started_utc": "2026-10-10T15:08:51.552166+00:00"}
{"stage": "benchmark_running", "mode": "store4", "concurrency": 60, "input_len": 2000, "output_len": 200, "result": "/ws/short_ab_20261010/results/short_20261010T150112Z/s2_store4_in2000_out200_c60_warmup.json", "started_utc": "2026-10-10T15:08:59.223286+00:00"}
{"stage": "benchmark_running", "mode": "store4", "concurrency": 60, "input_len": 2000, "output_len": 200, "result": "/ws/short_ab_20261010/results/short_20261010T150112Z/s2_store4_in2000_out200_c60_r1.json", "started_utc": "2026-10-10T15:19:51.611335+00:00"}
{"stage": "benchmark_running", "mode": "store4", "concurrency": 60, "input_len": 2000, "output_len": 200, "result": "/ws/short_ab_20261010/results/short_20261010T150112Z/s2_store4_in2000_out200_c60_r2.json", "started_utc": "2026-10-10T15:30:28.679045+00:00"}
{"stage": "benchmark_running", "mode": "store4", "concurrency": 60, "input_len": 2000, "output_len": 200, "result": "/ws/short_ab_20261010/results/short_20261010T150112Z/s2_store4_in2000_out200_c60_r3.json", "started_utc": "2026-10-10T15:41:05.869903+00:00"}
{"stage": "short_finished", "result_dir": "/ws/short_ab_20261010/results/short_20261010T150112Z", "note": "All 12 measured cohorts completed; warmups kept separately"}
