status.json {
  "updated_utc": "2026-10-10T15:08:59.223325+00:00",
  "stage": "benchmark_running",
  "mode": "store4",
  "concurrency": 60,
  "input_len": 2000,
  "output_len": 200,
  "result": "/ws/short_ab_20261010/results/short_20261010T150112Z/s2_store4_in2000_out200_c60_warmup.json",
  "started_utc": "2026-10-10T15:08:59.223286+00:00"
}

controller_tail
{"stage": "benchmark_running", "mode": "bf16", "concurrency": 16, "input_len": 20, "output_len": 20, "result": "/ws/short_ab_20261010/results/short_20261010T150112Z/s1_bf16_in20_out20_c16_r3.json", "started_utc": "2026-10-10T15:03:43.863390+00:00"}
{"stage": "benchmark_running", "mode": "bf16", "concurrency": 60, "input_len": 2000, "output_len": 200, "result": "/ws/short_ab_20261010/results/short_20261010T150112Z/s2_bf16_in2000_out200_c60_warmup.json", "started_utc": "2026-10-10T15:03:47.878708+00:00"}
{"stage": "benchmark_running", "mode": "bf16", "concurrency": 60, "input_len": 2000, "output_len": 200, "result": "/ws/short_ab_20261010/results/short_20261010T150112Z/s2_bf16_in2000_out200_c60_r1.json", "started_utc": "2026-10-10T15:04:28.928371+00:00"}
{"stage": "benchmark_running", "mode": "bf16", "concurrency": 60, "input_len": 2000, "output_len": 200, "result": "/ws/short_ab_20261010/results/short_20261010T150112Z/s2_bf16_in2000_out200_c60_r2.json", "started_utc": "2026-10-10T15:05:10.416655+00:00"}
{"stage": "benchmark_running", "mode": "bf16", "concurrency": 60, "input_len": 2000, "output_len": 200, "result": "/ws/short_ab_20261010/results/short_20261010T150112Z/s2_bf16_in2000_out200_c60_r3.json", "started_utc": "2026-10-10T15:05:52.098902+00:00"}
{"stage": "server_starting", "mode": "store4", "pid": 1082, "attempt": 0, "log": "/ws/short_ab_20261010/logs/short_20261010T150112Z/serve_store4_0.log"}
{"stage": "benchmark_running", "mode": "store4", "concurrency": 1, "input_len": 64, "output_len": 16, "result": "/ws/short_ab_20261010/results/short_20261010T150112Z/smoke_store4.json", "started_utc": "2026-10-10T15:08:23.159933+00:00"}
{"stage": "benchmark_running", "mode": "store4", "concurrency": 16, "input_len": 20, "output_len": 20, "result": "/ws/short_ab_20261010/results/short_20261010T150112Z/s1_store4_in20_out20_c16_warmup.json", "started_utc": "2026-10-10T15:08:28.438443+00:00"}
{"stage": "benchmark_running", "mode": "store4", "concurrency": 16, "input_len": 20, "output_len": 20, "result": "/ws/short_ab_20261010/results/short_20261010T150112Z/s1_store4_in20_out20_c16_r1.json", "started_utc": "2026-10-10T15:08:36.035876+00:00"}
{"stage": "benchmark_running", "mode": "store4", "concurrency": 16, "input_len": 20, "output_len": 20, "result": "/ws/short_ab_20261010/results/short_20261010T150112Z/s1_store4_in20_out20_c16_r2.json", "started_utc": "2026-10-10T15:08:43.583082+00:00"}
{"stage": "benchmark_running", "mode": "store4", "concurrency": 16, "input_len": 20, "output_len": 20, "result": "/ws/short_ab_20261010/results/short_20261010T150112Z/s1_store4_in20_out20_c16_r3.json", "started_utc": "2026-10-10T15:08:51.552166+00:00"}
{"stage": "benchmark_running", "mode": "store4", "concurrency": 60, "input_len": 2000, "output_len": 200, "result": "/ws/short_ab_20261010/results/short_20261010T150112Z/s2_store4_in2000_out200_c60_warmup.json", "started_utc": "2026-10-10T15:08:59.223286+00:00"}
{"file": "results/short_20261010T150112Z/s1_bf16_in20_out20_c16_r1.json", "successful": 16, "failed": 0, "duration_s": 3.6933664474636316, "output_throughput_tps": 86.64182245435072, "mean_ttft_s": 0.550089914817363, "mean_tpot_ms": 152.20725819113127}
{"file": "results/short_20261010T150112Z/s1_bf16_in20_out20_c16_r2.json", "successful": 16, "failed": 0, "duration_s": 3.5388492234051228, "output_throughput_tps": 90.42487537575624, "mean_ttft_s": 0.41713322798023, "mean_tpot_ms": 153.0675577569606}
{"file": "results/short_20261010T150112Z/s1_bf16_in20_out20_c16_r3.json", "successful": 16, "failed": 0, "duration_s": 3.6368001624941826, "output_throughput_tps": 87.9894373356325, "mean_ttft_s": 0.5137452654307708, "mean_tpot_ms": 150.86204867417874}
{"file": "results/short_20261010T150112Z/s1_bf16_in20_out20_c16_warmup.json", "successful": 16, "failed": 0, "duration_s": 3.7821700144559145, "output_throughput_tps": 84.60751335263117, "mean_ttft_s": 0.5015336764627136, "mean_tpot_ms": 156.0362135580937}
{"file": "results/short_20261010T150112Z/s1_store4_in20_out20_c16_r1.json", "successful": 16, "failed": 0, "duration_s": 7.167257281951606, "output_throughput_tps": 44.6474833275227, "mean_ttft_s": 0.5746435939799994, "mean_tpot_ms": 334.67838631048306}
{"file": "results/short_20261010T150112Z/s1_store4_in20_out20_c16_r2.json", "successful": 16, "failed": 0, "duration_s": 7.581471004523337, "output_throughput_tps": 42.20816775650507, "mean_ttft_s": 0.8739685880136676, "mean_tpot_ms": 338.7049208854717}
{"file": "results/short_20261010T150112Z/s1_store4_in20_out20_c16_r3.json", "successful": 16, "failed": 0, "duration_s": 7.291044598445296, "output_throughput_tps": 43.88945859256369, "mean_ttft_s": 0.6564791873679496, "mean_tpot_ms": 342.61934110576186}
{"file": "results/short_20261010T150112Z/s1_store4_in20_out20_c16_warmup.json", "successful": 16, "failed": 0, "duration_s": 7.200113027356565, "output_throughput_tps": 44.44374675566505, "mean_ttft_s": 0.5115695400163531, "mean_tpot_ms": 350.15346759648406}
{"file": "results/short_20261010T150112Z/s2_bf16_in2000_out200_c60_r1.json", "successful": 60, "failed": 0, "duration_s": 41.02783296722919, "output_throughput_tps": 292.48437297638776, "mean_ttft_s": 4.0260132989070065, "mean_tpot_ms": 173.05114227659078}
{"file": "results/short_20261010T150112Z/s2_bf16_in2000_out200_c60_r2.json", "successful": 60, "failed": 0, "duration_s": 41.23605719022453, "output_throughput_tps": 291.0074536137935, "mean_ttft_s": 4.025482177780941, "mean_tpot_ms": 174.2195916029046}
{"file": "results/short_20261010T150112Z/s2_bf16_in2000_out200_c60_r3.json", "successful": 60, "failed": 0, "duration_s": 39.69841141998768, "output_throughput_tps": 302.27909809907766, "mean_ttft_s": 4.028634075882534, "mean_tpot_ms": 166.84784680664214}
{"file": "results/short_20261010T150112Z/s2_bf16_in2000_out200_c60_warmup.json", "successful": 60, "failed": 0, "duration_s": 40.605745169334114, "output_throughput_tps": 295.52468375983716, "mean_ttft_s": 4.038190715030456, "mean_tpot_ms": 171.22349917117998}
{"file": "results/short_20261010T150112Z/smoke_bf16.json", "successful": 1, "failed": 0, "duration_s": 6.56465118099004, "output_throughput_tps": 2.43729629478759, "mean_ttft_s": 4.392675168812275, "mean_tpot_ms": 144.7241581355532}
{"file": "results/short_20261010T150112Z/smoke_store4.json", "successful": 1, "failed": 0, "duration_s": 4.897257081232965, "output_throughput_tps": 3.26713499712205, "mean_ttft_s": 0.3412066660821438, "mean_tpot_ms": 303.673332867523}
serve_tail /ws/short_ab_20261010/logs/short_20261010T150112Z/serve_bf16_0.log
(APIServer pid=244) INFO:     Application shutdown complete.
/usr/local/python3.12.13/lib/python3.12/multiprocessing/resource_tracker.py:279: UserWarning: resource_tracker: There appear to be 2 leaked semaphore objects to clean up at shutdown
  warnings.warn('resource_tracker: There appear to be %d '
/usr/local/python3.12.13/lib/python3.12/multiprocessing/resource_tracker.py:279: UserWarning: resource_tracker: There appear to be 4 leaked shared_memory objects to clean up at shutdown
  warnings.warn('resource_tracker: There appear to be %d '
serve_tail /ws/short_ab_20261010/logs/short_20261010T150112Z/serve_store4_0.log
(APIServer pid=1082) INFO 10-10 15:18:40 [loggers.py:310] Engine 000: Avg prompt throughput: 0.0 tokens/s, Avg generation throughput: 18.0 tokens/s, Running: 60 reqs, Waiting: 0 reqs, GPU KV cache usage: 6.6%, Prefix cache hit rate: 0.0%
(APIServer pid=1082) INFO 10-10 15:18:50 [loggers.py:310] Engine 000: Avg prompt throughput: 0.0 tokens/s, Avg generation throughput: 18.0 tokens/s, Running: 60 reqs, Waiting: 0 reqs, GPU KV cache usage: 6.7%, Prefix cache hit rate: 0.0%
(Worker_TP1 pid=1233) [KVTQ-STORE] pid=1233 quant_calls=29000 tokens=12816000
(Worker_TP0 pid=1232) [KVTQ-STORE] pid=1232 quant_calls=29000 tokens=12816000
(APIServer pid=1082) INFO 10-10 15:19:00 [loggers.py:310] Engine 000: Avg prompt throughput: 0.0 tokens/s, Avg generation throughput: 18.0 tokens/s, Running: 59 reqs, Waiting: 0 reqs, GPU KV cache usage: 6.6%, Prefix cache hit rate: 0.0%
/etc/profile.d/ascend.sh: line 2: /usr/local/Ascend/cann-8.5.0/set_env.sh: Permission denied
