status.json {
  "updated_utc": "2026-10-10T15:03:47.878746+00:00",
  "stage": "benchmark_running",
  "mode": "bf16",
  "concurrency": 60,
  "input_len": 2000,
  "output_len": 200,
  "result": "/ws/short_ab_20261010/results/short_20261010T150112Z/s2_bf16_in2000_out200_c60_warmup.json",
  "started_utc": "2026-10-10T15:03:47.878708+00:00"
}

controller_tail
{"stage": "precision", "check": "glue"}
{"stage": "precision", "check": "roundtrip"}
{"stage": "server_starting", "mode": "bf16", "pid": 244, "attempt": 0, "log": "/ws/short_ab_20261010/logs/short_20261010T150112Z/serve_bf16_0.log"}
{"stage": "benchmark_running", "mode": "bf16", "concurrency": 1, "input_len": 64, "output_len": 16, "result": "/ws/short_ab_20261010/results/short_20261010T150112Z/smoke_bf16.json", "started_utc": "2026-10-10T15:03:24.753938+00:00"}
{"stage": "benchmark_running", "mode": "bf16", "concurrency": 16, "input_len": 20, "output_len": 20, "result": "/ws/short_ab_20261010/results/short_20261010T150112Z/s1_bf16_in20_out20_c16_warmup.json", "started_utc": "2026-10-10T15:03:31.712126+00:00"}
{"stage": "benchmark_running", "mode": "bf16", "concurrency": 16, "input_len": 20, "output_len": 20, "result": "/ws/short_ab_20261010/results/short_20261010T150112Z/s1_bf16_in20_out20_c16_r1.json", "started_utc": "2026-10-10T15:03:35.873176+00:00"}
{"stage": "benchmark_running", "mode": "bf16", "concurrency": 16, "input_len": 20, "output_len": 20, "result": "/ws/short_ab_20261010/results/short_20261010T150112Z/s1_bf16_in20_out20_c16_r2.json", "started_utc": "2026-10-10T15:03:39.946373+00:00"}
{"stage": "benchmark_running", "mode": "bf16", "concurrency": 16, "input_len": 20, "output_len": 20, "result": "/ws/short_ab_20261010/results/short_20261010T150112Z/s1_bf16_in20_out20_c16_r3.json", "started_utc": "2026-10-10T15:03:43.863390+00:00"}
{"stage": "benchmark_running", "mode": "bf16", "concurrency": 60, "input_len": 2000, "output_len": 200, "result": "/ws/short_ab_20261010/results/short_20261010T150112Z/s2_bf16_in2000_out200_c60_warmup.json", "started_utc": "2026-10-10T15:03:47.878708+00:00"}
{"file": "results/short_20261010T150112Z/s1_bf16_in20_out20_c16_r1.json", "successful": 16, "failed": 0, "duration_s": 3.6933664474636316, "output_throughput_tps": 86.64182245435072, "mean_ttft_s": 0.550089914817363, "mean_tpot_ms": 152.20725819113127}
{"file": "results/short_20261010T150112Z/s1_bf16_in20_out20_c16_r2.json", "successful": 16, "failed": 0, "duration_s": 3.5388492234051228, "output_throughput_tps": 90.42487537575624, "mean_ttft_s": 0.41713322798023, "mean_tpot_ms": 153.0675577569606}
{"file": "results/short_20261010T150112Z/s1_bf16_in20_out20_c16_r3.json", "successful": 16, "failed": 0, "duration_s": 3.6368001624941826, "output_throughput_tps": 87.9894373356325, "mean_ttft_s": 0.5137452654307708, "mean_tpot_ms": 150.86204867417874}
{"file": "results/short_20261010T150112Z/s1_bf16_in20_out20_c16_warmup.json", "successful": 16, "failed": 0, "duration_s": 3.7821700144559145, "output_throughput_tps": 84.60751335263117, "mean_ttft_s": 0.5015336764627136, "mean_tpot_ms": 156.0362135580937}
{"file": "results/short_20261010T150112Z/smoke_bf16.json", "successful": 1, "failed": 0, "duration_s": 6.56465118099004, "output_throughput_tps": 2.43729629478759, "mean_ttft_s": 4.392675168812275, "mean_tpot_ms": 144.7241581355532}
serve_tail /ws/short_ab_20261010/logs/short_20261010T150112Z/serve_bf16_0.log
(APIServer pid=244) INFO:     127.0.0.1:34440 - "POST /v1/completions HTTP/1.1" 200 OK
(APIServer pid=244) INFO:     127.0.0.1:34448 - "POST /v1/completions HTTP/1.1" 200 OK
(APIServer pid=244) INFO 10-10 15:03:51 [loggers.py:310] Engine 000: Avg prompt throughput: 4631.9 tokens/s, Avg generation throughput: 69.8 tokens/s, Running: 24 reqs, Waiting: 36 reqs, GPU KV cache usage: 9.2%, Prefix cache hit rate: 0.0%
(APIServer pid=244) INFO 10-10 15:04:01 [loggers.py:310] Engine 000: Avg prompt throughput: 7399.5 tokens/s, Avg generation throughput: 267.6 tokens/s, Running: 60 reqs, Waiting: 0 reqs, GPU KV cache usage: 24.1%, Prefix cache hit rate: 0.0%
(APIServer pid=244) INFO 10-10 15:04:11 [loggers.py:310] Engine 000: Avg prompt throughput: 0.0 tokens/s, Avg generation throughput: 372.0 tokens/s, Running: 60 reqs, Waiting: 0 reqs, GPU KV cache usage: 24.9%, Prefix cache hit rate: 0.0%
/etc/profile.d/ascend.sh: line 2: /usr/local/Ascend/cann-8.5.0/set_env.sh: Permission denied
