+------------------------------------------------------------------------------------------------+
| npu-smi 25.5.1                   Version: 25.5.1                                               |
+---------------------------+---------------+----------------------------------------------------+
| NPU   Name                | Health        | Power(W)    Temp(C)           Hugepages-Usage(page)|
| Chip                      | Bus-Id        | AICore(%)   Memory-Usage(MB)  HBM-Usage(MB)        |
+===========================+===============+====================================================+
| 0     910B4-1             | OK            | 89.5        34                0    / 0             |
| 0                         | 0000:C1:00.0  | 0           0    / 0          3448 / 65536         |
+===========================+===============+====================================================+
| 1     910B4-1             | OK            | 85.5        31                0    / 0             |
| 0                         | 0000:C2:00.0  | 0           0    / 0          3442 / 65536         |
+===========================+===============+====================================================+
| 2     910B4-1             | OK            | 84.0        32                0    / 0             |
| 0                         | 0000:81:00.0  | 0           0    / 0          3446 / 65536         |
+===========================+===============+====================================================+
| 3     910B4-1             | OK            | 87.2        33                0    / 0             |
| 0                         | 0000:82:00.0  | 0           0    / 0          5078 / 65536         |
+===========================+===============+====================================================+
| 4     910B4-1             | OK            | 94.2        36                0    / 0             |
| 0                         | 0000:01:00.0  | 0           0    / 0          59929/ 65536         |
+===========================+===============+====================================================+
| 5     910B4-1             | OK            | 86.9        36                0    / 0             |
| 0                         | 0000:02:00.0  | 0           0    / 0          59934/ 65536         |
+===========================+===============+====================================================+
| 6     910B4-1             | OK            | 92.3        36                0    / 0             |
| 0                         | 0000:41:00.0  | 0           0    / 0          59935/ 65536         |
+===========================+===============+====================================================+
| 7     910B4-1             | OK            | 88.4        35                0    / 0             |
| 0                         | 0000:42:00.0  | 0           0    / 0          59931/ 65536         |
+===========================+===============+====================================================+
+---------------------------+---------------+----------------------------------------------------+
| NPU     Chip              | Process id    | Process name             | Process memory(MB)      |
+===========================+===============+====================================================+
| No running processes found in NPU 0                                                            |
+===========================+===============+====================================================+
| No running processes found in NPU 1                                                            |
+===========================+===============+====================================================+
| No running processes found in NPU 2                                                            |
+===========================+===============+====================================================+
| 3       0                 | 1041406       | VLLMEngineCor            | 1690                    |
+===========================+===============+====================================================+
| 4       0                 | 1045324       | VLLMWorker_TP            | 56566                   |
+===========================+===============+====================================================+
| 5       0                 | 1045326       | VLLMWorker_TP            | 56566                   |
+===========================+===============+====================================================+
| 6       0                 | 1045328       | VLLMWorker_TP            | 56566                   |
+===========================+===============+====================================================+
| 7       0                 | 1045329       | VLLMWorker_TP            | 56566                   |
+===========================+===============+====================================================+

tq-128k-ab-20261010-runtime
{'venv_python_exists': True, 'python': '3.12.13 (main, Aug  3 2026, 09:28:18) [GCC 13.3.0]'}
OCI runtime exec failed: exec failed: unable to start container process: exec: "fuser": executable file not found in $PATH: unknown
/etc/profile.d/ascend.sh: line 2: /usr/local/Ascend/cann-8.5.0/set_env.sh: Permission denied
