tq-128k-ab-20261010-runtime
{"checked_utc": "2026-10-10T15:54:29.071859+00:00", "formal_cohorts_verified": 12, "container": "tq-128k-ab-20261010-runtime", "id": "0354eaafc53831afa0a11835e862a550873d9c1db0c8d54e178747c90b45663f", "state": {"Status": "exited", "Running": false, "Paused": false, "Restarting": false, "OOMKilled": false, "Dead": false, "Pid": 0, "ExitCode": 137, "Error": "", "StartedAt": "2026-10-10T14:59:58.697131551Z", "FinishedAt": "2026-10-10T15:54:27.649585952Z"}, "port_18377_bindable": true, "scope": "only preserved task runtime stopped; all mounted evidence retained"}
+------------------------------------------------------------------------------------------------+
| npu-smi 25.5.1                   Version: 25.5.1                                               |
+---------------------------+---------------+----------------------------------------------------+
| NPU   Name                | Health        | Power(W)    Temp(C)           Hugepages-Usage(page)|
| Chip                      | Bus-Id        | AICore(%)   Memory-Usage(MB)  HBM-Usage(MB)        |
+===========================+===============+====================================================+
| 0     910B4-1             | OK            | 89.7        35                0    / 0             |
| 0                         | 0000:C1:00.0  | 0           0    / 0          3450 / 65536         |
+===========================+===============+====================================================+
| 1     910B4-1             | OK            | 85.6        32                0    / 0             |
| 0                         | 0000:C2:00.0  | 0           0    / 0          3441 / 65536         |
+===========================+===============+====================================================+
| 2     910B4-1             | OK            | 84.2        32                0    / 0             |
| 0                         | 0000:81:00.0  | 0           0    / 0          3447 / 65536         |
+===========================+===============+====================================================+
| 3     910B4-1             | OK            | 87.4        33                0    / 0             |
| 0                         | 0000:82:00.0  | 0           0    / 0          5078 / 65536         |
+===========================+===============+====================================================+
| 4     910B4-1             | OK            | 94.6        37                0    / 0             |
| 0                         | 0000:01:00.0  | 0           0    / 0          59929/ 65536         |
+===========================+===============+====================================================+
| 5     910B4-1             | OK            | 87.0        36                0    / 0             |
| 0                         | 0000:02:00.0  | 0           0    / 0          59934/ 65536         |
+===========================+===============+====================================================+
| 6     910B4-1             | OK            | 92.6        37                0    / 0             |
| 0                         | 0000:41:00.0  | 0           0    / 0          59934/ 65536         |
+===========================+===============+====================================================+
| 7     910B4-1             | OK            | 88.6        35                0    / 0             |
| 0                         | 0000:42:00.0  | 0           0    / 0          59932/ 65536         |
+===========================+===============+====================================================+
+---------------------------+---------------+----------------------------------------------------+
| NPU     Chip              | Process id    | Process name             | Process memory(MB)      |
+===========================+===============+====================================================+
| No running processes found in NPU 0                                                            |
+===========================+===============+====================================================+
| No running processes found in NPU 1                                                            |
+===========================+===============+====================================================+
| No running processes found in NPU 2                                                            |
+===========================+===============+====================================================+
| 3       0                 | 1041406       | VLLMEngineCor            | 1690                    |
+===========================+===============+====================================================+
| 4       0                 | 1045324       | VLLMWorker_TP            | 56566                   |
+===========================+===============+====================================================+
| 5       0                 | 1045326       | VLLMWorker_TP            | 56566                   |
+===========================+===============+====================================================+
| 6       0                 | 1045328       | VLLMWorker_TP            | 56566                   |
+===========================+===============+====================================================+
| 7       0                 | 1045329       | VLLMWorker_TP            | 56566                   |
+===========================+===============+====================================================+

/etc/profile.d/ascend.sh: line 2: /usr/local/Ascend/cann-8.5.0/set_env.sh: Permission denied
